// Jest Snapshot v1, https://goo.gl/fbAQLP

exports[`Header component match snapshot 1`] = `
<div>
  <h1>
    Welcome to my App
  </h1>
</div>
`;
